
> demo-dorm@1.0.0 build
> next build

  Γû▓ Next.js 14.2.33
  - Environments: .env.local

   Creating an optimized production build ...
> [PWA] Compile server
> [PWA] Compile server
> [PWA] Compile client (static)
> [PWA] Auto register service worker with: C:\Users\ASUS\Desktop\demo_dorm\node_modules\next-pwa\register.js
> [PWA] Service worker: C:\Users\ASUS\Desktop\demo_dorm\public\sw.js
> [PWA]   url: /sw.js
> [PWA]   scope: /
 Γ£ô Compiled successfully
   Linting and checking validity of types ...
node.exe : 
At C:\Program Files\nodejs\npm.ps1:29 char:3
+   & $NODE_EXE $NPM_CLI_JS $args
+   ~~~~~~~~~~~~~~~~~~~~~~~~~~~~~
    + CategoryInfo          : NotSpecified: (:String) [], RemoteException
    + FullyQualifiedErrorId : NativeCommandError
 
Failed to compile.

./app/api/send-notifications/route.ts
21:21  Error: Optional chain expressions can return undefined by design - using a non-null assertion is 
unsafe and wrong.  @typescript-eslint/no-non-null-asserted-optional-chain
33:42  Error: Unexpected any. Specify a different type.  @typescript-eslint/no-explicit-any
58:41  Error: Unexpected any. Specify a different type.  @typescript-eslint/no-explicit-any

./app/auth/login/page.tsx
138:9  Warning: Using `<img>` could result in slower LCP and higher bandwidth. Consider using `<Image />` 
from `next/image` to automatically optimize images. This may incur additional usage or cost from your 
provider. See: https://nextjs.org/docs/messages/no-img-element  @next/next/no-img-element

./app/chat/direct/[userId]/page.tsx
174:13  Warning: Using `<img>` could result in slower LCP and higher bandwidth. Consider using `<Image />` 
from `next/image` to automatically optimize images. This may incur additional usage or cost from your 
provider. See: https://nextjs.org/docs/messages/no-img-element  @next/next/no-img-element
213:17  Warning: Using `<img>` could result in slower LCP and higher bandwidth. Consider using `<Image />` 
from `next/image` to automatically optimize images. This may incur additional usage or cost from your 
provider. See: https://nextjs.org/docs/messages/no-img-element  @next/next/no-img-element
247:17  Warning: Using `<img>` could result in slower LCP and higher bandwidth. Consider using `<Image />` 
from `next/image` to automatically optimize images. This may incur additional usage or cost from your 
provider. See: https://nextjs.org/docs/messages/no-img-element  @next/next/no-img-element

./app/chat/global/page.tsx
231:11  Warning: Using `<img>` could result in slower LCP and higher bandwidth. Consider using `<Image />` 
from `next/image` to automatically optimize images. This may incur additional usage or cost from your 
provider. See: https://nextjs.org/docs/messages/no-img-element  @next/next/no-img-element
327:23  Warning: Using `<img>` could result in slower LCP and higher bandwidth. Consider using `<Image />` 
from `next/image` to automatically optimize images. This may incur additional usage or cost from your 
provider. See: https://nextjs.org/docs/messages/no-img-element  @next/next/no-img-element

./app/chat/[dormId]/page.tsx
336:13  Warning: Using `<img>` could result in slower LCP and higher bandwidth. Consider using `<Image />` 
from `next/image` to automatically optimize images. This may incur additional usage or cost from your 
provider. See: https://nextjs.org/docs/messages/no-img-element  @next/next/no-img-element
470:19  Warning: Using `<img>` could result in slower LCP and higher bandwidth. Consider using `<Image />` 
from `next/image` to automatically optimize images. This may incur additional usage or cost from your 
provider. See: https://nextjs.org/docs/messages/no-img-element  @next/next/no-img-element
661:19  Warning: Using `<img>` could result in slower LCP and higher bandwidth. Consider using `<Image />` 
from `next/image` to automatically optimize images. This may incur additional usage or cost from your 
provider. See: https://nextjs.org/docs/messages/no-img-element  @next/next/no-img-element

./app/dorm/[id]/members/page.tsx
159:21  Warning: Using `<img>` could result in slower LCP and higher bandwidth. Consider using `<Image />` 
from `next/image` to automatically optimize images. This may incur additional usage or cost from your 
provider. See: https://nextjs.org/docs/messages/no-img-element  @next/next/no-img-element

./app/dorm/[id]/page.tsx
99:13  Warning: Using `<img>` could result in slower LCP and higher bandwidth. Consider using `<Image />` 
from `next/image` to automatically optimize images. This may incur additional usage or cost from your 
provider. See: https://nextjs.org/docs/messages/no-img-element  @next/next/no-img-element
202:19  Warning: Using `<img>` could result in slower LCP and higher bandwidth. Consider using `<Image />` 
from `next/image` to automatically optimize images. This may incur additional usage or cost from your 
provider. See: https://nextjs.org/docs/messages/no-img-element  @next/next/no-img-element

./app/event/[id]/page.tsx
212:11  Warning: Using `<img>` could result in slower LCP and higher bandwidth. Consider using `<Image />` 
from `next/image` to automatically optimize images. This may incur additional usage or cost from your 
provider. See: https://nextjs.org/docs/messages/no-img-element  @next/next/no-img-element
355:21  Warning: Using `<img>` could result in slower LCP and higher bandwidth. Consider using `<Image />` 
from `next/image` to automatically optimize images. This may incur additional usage or cost from your 
provider. See: https://nextjs.org/docs/messages/no-img-element  @next/next/no-img-element

./app/events/create/page.tsx
349:23  Warning: Using `<img>` could result in slower LCP and higher bandwidth. Consider using `<Image />` 
from `next/image` to automatically optimize images. This may incur additional usage or cost from your 
provider. See: https://nextjs.org/docs/messages/no-img-element  @next/next/no-img-element
389:21  Warning: Using `<img>` could result in slower LCP and higher bandwidth. Consider using `<Image />` 
from `next/image` to automatically optimize images. This may incur additional usage or cost from your 
provider. See: https://nextjs.org/docs/messages/no-img-element  @next/next/no-img-element

./app/events/general/page.tsx
205:17  Warning: Using `<img>` could result in slower LCP and higher bandwidth. Consider using `<Image />` 
from `next/image` to automatically optimize images. This may incur additional usage or cost from your 
provider. See: https://nextjs.org/docs/messages/no-img-element  @next/next/no-img-element

./app/events/[dormId]/page.tsx
205:17  Warning: Using `<img>` could result in slower LCP and higher bandwidth. Consider using `<Image />` 
from `next/image` to automatically optimize images. This may incur additional usage or cost from your 
provider. See: https://nextjs.org/docs/messages/no-img-element  @next/next/no-img-element

./app/page.tsx
32:7  Warning: Using `<img>` could result in slower LCP and higher bandwidth. Consider using `<Image />` 
from `next/image` to automatically optimize images. This may incur additional usage or cost from your 
provider. See: https://nextjs.org/docs/messages/no-img-element  @next/next/no-img-element

./app/profile/create/page.tsx
187:17  Warning: Using `<img>` could result in slower LCP and higher bandwidth. Consider using `<Image />` 
from `next/image` to automatically optimize images. This may incur additional usage or cost from your 
provider. See: https://nextjs.org/docs/messages/no-img-element  @next/next/no-img-element

./app/profile/edit/page.tsx
162:17  Warning: Using `<img>` could result in slower LCP and higher bandwidth. Consider using `<Image />` 
from `next/image` to automatically optimize images. This may incur additional usage or cost from your 
provider. See: https://nextjs.org/docs/messages/no-img-element  @next/next/no-img-element

./app/profile/page.tsx
33:15  Warning: Using `<img>` could result in slower LCP and higher bandwidth. Consider using `<Image />` 
from `next/image` to automatically optimize images. This may incur additional usage or cost from your 
provider. See: https://nextjs.org/docs/messages/no-img-element  @next/next/no-img-element

./app/profile/[id]/page.tsx
77:15  Warning: Using `<img>` could result in slower LCP and higher bandwidth. Consider using `<Image />` 
from `next/image` to automatically optimize images. This may incur additional usage or cost from your 
provider. See: https://nextjs.org/docs/messages/no-img-element  @next/next/no-img-element

./components/AuthButton.tsx
55:11  Warning: Using `<img>` could result in slower LCP and higher bandwidth. Consider using `<Image />` 
from `next/image` to automatically optimize images. This may incur additional usage or cost from your 
provider. See: https://nextjs.org/docs/messages/no-img-element  @next/next/no-img-element

info  - Need to disable some ESLint rules? Learn more here: 
https://nextjs.org/docs/basic-features/eslint#disabling-rules
